2025-09-02 06:56:56,234 - relex - INFO - Log file: /home/user/git_code/relex/logs/sampleScript1_2025-09-02T06:56:56.232623.log
2025-09-02 06:56:56,234 - relex - INFO - Station file: /home/user/git_code/relex/testbed/tb.yaml
2025-09-02 06:56:56,234 - relex - INFO - Param file: /home/user/git_code/relex/script/sample/sampleScript1.prm
2025-09-02 06:56:56,235 - relex - INFO - Log level: debug
2025-09-02 06:56:56,248 - relex - DEBUG - Backup stations for 'vm1' are '['mylinux2', 'mylinux3', 'mylinux4']'
2025-09-02 06:56:56,248 - relex - DEBUG - Backup stations for 'vm2' are '['mylinux3', 'mylinux4']'
2025-09-02 06:56:56,250 - relex - INFO - *** Starting Execution Of Script - /home/user/git_code/relex/script/sample/sampleScript1.py ***
user@192.168.10.11's password: 
Last login: Tue Sep  2 06:55:39 2025 from 192.168.10.100
user@vm1:~$ 
user@vm1:~$ 2025-09-02 06:56:57,098 - relex - OK - Success in connecting to vm1
user@192.168.10.22's password: 
Last login: Tue Sep  2 06:55:40 2025 from 192.168.10.100
user@vm2:~$ 
user@vm2:~$ 2025-09-02 06:56:57,808 - relex - OK - Success in connecting to vm2
2025-09-02 06:56:57,809 - relex - OK - Setup step 1
2025-09-02 06:56:57,809 - relex - OK - Setup step 2
2025-09-02 06:56:57,811 - relex - INFO - +++ Starting Execution Of Test1 +++
25
ls -lart
total 52
-rw-r--r-- 1 user user  807 Feb 25  2020 .profile
-rw-r--r-- 1 user user 3771 Feb 25  2020 .bashrc
-rw-r--r-- 1 user user  220 Feb 25  2020 .bash_logout
drwxr-xr-x 3 root root 4096 Nov 13  2023 ..
drwx------ 2 user user 4096 Nov 13  2023 .ssh
-rw-r--r-- 1 user user    0 Nov 13  2023 .sudo_as_admin_successful
drwxrwxr-x 3 user user 4096 Jan 14  2025 .kube
drwx------ 4 user user 4096 Jan 14  2025 .config
drwx------ 3 user user 4096 Jan 14  2025 .cache
-rw------- 1 user user 3654 Aug 16 06:53 .viminfo
-rw------- 1 user user  196 Aug 27 06:06 .Xauthority
drwxr-xr-x 6 user user 4096 Aug 27 06:06 .
-rw------- 1 user user 6981 Aug 27 06:20 .bash_history
user@vm1:~$ 2025-09-02 06:56:57,876 - relex - OK - File bashrc exists in vm1
2025-09-02 06:56:57,876 - relex - OK - Test 1, step 1
2025-09-02 06:56:57,877 - relex - OK - Test 1, clean 1
2025-09-02 06:56:57,877 - relex - INFO - +++ Ending Execution Of Test1 +++
2025-09-02 06:56:57,879 - relex - INFO - +++ Starting Execution Of Test2 +++
25
ls -lart
total 44
-rw-r--r-- 1 user user  807 Feb 25  2020 .profile
-rw-r--r-- 1 user user 3771 Feb 25  2020 .bashrc
-rw-r--r-- 1 user user  220 Feb 25  2020 .bash_logout
drwxr-xr-x 3 root root 4096 Nov 13  2023 ..
drwx------ 2 user user 4096 Nov 13  2023 .ssh
drwx------ 2 user user 4096 Nov 13  2023 .cache
-rw-r--r-- 1 user user    0 Nov 13  2023 .sudo_as_admin_successful
drwxrwxr-x 2 user user 4096 Jan 14  2025 .kube
-rw------- 1 user user  196 Aug 27 06:19 .Xauthority
drwxr-xr-x 5 user user 4096 Aug 27 06:19 .
-rw------- 1 user user 4666 Sep  2 06:55 .bash_history
user@vm2:~$ 2025-09-02 06:56:57,953 - relex - OK - File bashrc exists in vm2
2025-09-02 06:56:57,954 - relex - OK - Test 2, step 1
pwd
/home/user
user@vm2:~$ 2025-09-02 06:56:58,011 - relex - OK - pwd command executed successfully in vm2
2025-09-02 06:56:58,012 - relex - OK - Test 2, step 2
2025-09-02 06:56:58,013 - relex - OK - Test 2, clean 2
2025-09-02 06:56:58,014 - relex - OK - Test 2, clean 1
2025-09-02 06:56:58,014 - relex - INFO - +++ Ending Execution Of Test2 +++
2025-09-02 06:56:58,015 - relex - OK - Setup clean 2
2025-09-02 06:56:58,117 - relex - OK - Success in closing vm1
2025-09-02 06:56:58,219 - relex - OK - Success in closing vm2
2025-09-02 06:56:58,220 - relex - OK - Setup clean 1
2025-09-02 06:56:58,220 - relex - INFO - *** Ending Script Execution ***


====================================================================================================
                                                     Execution Summary
====================================================================================================
2025-09-02 06:56:56,248 - [DEBUG] - Backup stations for 'vm1' are '['mylinux2', 'mylinux3', 'mylinux4']'
2025-09-02 06:56:56,249 - [DEBUG] - Backup stations for 'vm2' are '['mylinux3', 'mylinux4']'
2025-09-02 06:56:56,251 - [INFO] - *** Starting Execution Of Script - /home/user/git_code/relex/script/sample/sampleScript1.py ***
2025-09-02 06:56:57,099 - [OK] - Success in connecting to vm1
2025-09-02 06:56:57,809 - [OK] - Success in connecting to vm2
2025-09-02 06:56:57,809 - [OK] - Setup step 1
2025-09-02 06:56:57,810 - [OK] - Setup step 2
2025-09-02 06:56:57,811 - [INFO] - +++ Starting Execution Of Test1 +++
2025-09-02 06:56:57,876 - [OK] - File bashrc exists in vm1
2025-09-02 06:56:57,877 - [OK] - Test 1, step 1
2025-09-02 06:56:57,877 - [OK] - Test 1, clean 1
2025-09-02 06:56:57,878 - [INFO] - +++ Ending Execution Of Test1 +++
2025-09-02 06:56:57,880 - [INFO] - +++ Starting Execution Of Test2 +++
2025-09-02 06:56:57,954 - [OK] - File bashrc exists in vm2
2025-09-02 06:56:57,954 - [OK] - Test 2, step 1
2025-09-02 06:56:58,012 - [OK] - pwd command executed successfully in vm2
2025-09-02 06:56:58,012 - [OK] - Test 2, step 2
2025-09-02 06:56:58,013 - [OK] - Test 2, clean 2
2025-09-02 06:56:58,014 - [OK] - Test 2, clean 1
2025-09-02 06:56:58,014 - [INFO] - +++ Ending Execution Of Test2 +++
2025-09-02 06:56:58,015 - [OK] - Setup clean 2
2025-09-02 06:56:58,118 - [OK] - Success in closing vm1
2025-09-02 06:56:58,220 - [OK] - Success in closing vm2
2025-09-02 06:56:58,220 - [OK] - Setup clean 1
2025-09-02 06:56:58,221 - [INFO] - *** Ending Script Execution ***
====================================================================================================
====================================================================================================
+----------------------------------------------------+
|          Total Number Of Test Passed = 2           |
|          Total Number Of Test Failed = 0           |
|                 Script has Passed!                 |
+----------------------------------------------------+
